2026-07-17 19:46:24,521 | INFO | skin_permeation.huskin | Dataset: /Users/tanvir/Desktop/skin/skin-permeation-reproduction-project/data/huskinDB/huskinDB.csv
2026-07-17 19:46:24,524 | INFO | skin_permeation.huskin | Loaded 546 rows and 21 original columns.
2026-07-17 19:46:24,524 | INFO | skin_permeation.huskin | Detected SMILES column='Smiles'; experimental logKp column='logkp (cm/s)'.
2026-07-17 19:46:24,524 | INFO | skin_permeation.huskin | Model target unit=cm/h; output unit=cm/s; additive prediction offset=-3.556302500767.
2026-07-17 19:46:25,541 | INFO | skin_permeation.huskin | Loaded CatBoost from /Users/tanvir/Desktop/skin/skin-permeation-reproduction-project/models/reproduction/benchmark/CatBoost.joblib (joblib): 146 ordered features; embedded Pipeline: corr (CorrelationFilter) -> selector (SelectKBest) -> model (CatBoostRegressor)
2026-07-17 19:46:25,541 | INFO | skin_permeation.huskin | Loaded ElasticNet from /Users/tanvir/Desktop/skin/skin-permeation-reproduction-project/models/reproduction/benchmark/ElasticNet.joblib (joblib): 146 ordered features; embedded Pipeline: corr (CorrelationFilter) -> scaler (RobustScaler) -> selector (SelectKBest) -> model (ElasticNet)
2026-07-17 19:46:25,541 | INFO | skin_permeation.huskin | Loaded ExtraTrees from /Users/tanvir/Desktop/skin/skin-permeation-reproduction-project/models/reproduction/benchmark/ExtraTrees.joblib (joblib): 146 ordered features; embedded Pipeline: corr (CorrelationFilter) -> selector (SelectKBest) -> model (ExtraTreesRegressor)
2026-07-17 19:46:25,541 | INFO | skin_permeation.huskin | Loaded Gradient Boosting from /Users/tanvir/Desktop/skin/skin-permeation-reproduction-project/models/reproduction/benchmark/Gradient_Boosting.joblib (joblib): 146 ordered features; embedded Pipeline: corr (CorrelationFilter) -> selector (SelectKBest) -> model (GradientBoostingRegressor)
2026-07-17 19:46:25,541 | INFO | skin_permeation.huskin | Loaded HistGradientBoosting from /Users/tanvir/Desktop/skin/skin-permeation-reproduction-project/models/reproduction/benchmark/HistGradientBoosting.joblib (joblib): 146 ordered features; embedded Pipeline: corr (CorrelationFilter) -> selector (SelectKBest) -> model (HistGradientBoostingRegressor)
2026-07-17 19:46:25,541 | INFO | skin_permeation.huskin | Loaded LGBM from /Users/tanvir/Desktop/skin/skin-permeation-reproduction-project/models/reproduction/benchmark/LGBM.joblib (joblib): 146 ordered features; embedded Pipeline: corr (CorrelationFilter) -> selector (SelectKBest) -> model (LGBMRegressor)
2026-07-17 19:46:25,541 | INFO | skin_permeation.huskin | Loaded RF from /Users/tanvir/Desktop/skin/skin-permeation-reproduction-project/models/reproduction/benchmark/RF.joblib (joblib): 146 ordered features; embedded Pipeline: corr (CorrelationFilter) -> selector (SelectKBest) -> model (RandomForestRegressor)
2026-07-17 19:46:25,541 | INFO | skin_permeation.huskin | Loaded SVR (RBF) from /Users/tanvir/Desktop/skin/skin-permeation-reproduction-project/models/reproduction/benchmark/SVR_RBF.joblib (joblib): 146 ordered features; embedded Pipeline: corr (CorrelationFilter) -> scaler (RobustScaler) -> selector (SelectKBest) -> model (SVR)
2026-07-17 19:46:25,542 | INFO | skin_permeation.huskin | Loaded StackingRegressor from /Users/tanvir/Desktop/skin/skin-permeation-reproduction-project/models/reproduction/benchmark/StackingRegressor.joblib (joblib): 146 ordered features; embedded stacking estimator (XGBoost, CatBoost, LGBM, ExtraTrees, HistGradientBoosting); final=RidgeCV
2026-07-17 19:46:25,542 | INFO | skin_permeation.huskin | Loaded XGBoost from /Users/tanvir/Desktop/skin/skin-permeation-reproduction-project/models/reproduction/benchmark/XGBoost.joblib (joblib): 146 ordered features; embedded Pipeline: corr (CorrelationFilter) -> selector (SelectKBest) -> model (XGBRegressor)
2026-07-17 19:46:42,545 | INFO | skin_permeation.data_loading | Loading core datasets from /Users/tanvir/Desktop/skin/skin-permeation-reproduction-project/data
2026-07-17 19:46:43,306 | INFO | skin_permeation.huskin | SMILES audit: valid=546 invalid=0 duplicate_rows=295 missing_target=0
2026-07-17 19:46:43,306 | INFO | skin_permeation.huskin | Descriptor sources: reused=1 RDKit=80 CDK=65 training-reference-imputed=15
2026-07-17 19:46:43,306 | WARNING | skin_permeation.huskin | 65 required descriptor definitions have no exact RDKit equivalent; exact project CDK values were used: ALogp2, ATSc2, ATSc3, ATSc4, ATSc5, ATSm1, BCUTc-1h, BCUTc-1l, BCUTp-1h, BCUTp-1l, BCUTw-1h, BCUTw-1l, C1SP2, C1SP3, C2SP1, C2SP2, C2SP3, C3SP2, FMF, HybRatio, JPLogP, Kier2, Kier3, LipinskiFailures, MDEC-11, MDEC-12, MDEC-13, MDEC-14, MDEC-22, MDEC-33, MDEC-34, MDEC-44, MDEN-11, MDEN-12, MDEN-13, MDEN-22, MDEN-23, MDEN-33, MDEO-11, MDEO-12, MDEO-22, MLogP, SC-4, TopoPSA, VAdjMat, WPATH, WTPT-2, WTPT-3, WTPT-4, WTPT-5, XLogP, khs.sOH, khs.ssCH2, nAcid, nAromBlocks, nAromBond, nAtomLAC, nAtomLC, nAtomP, nBase, nHBAcc, nHBDon, nRingBlocks, nRotB, topoShape
2026-07-17 19:46:48,688 | WARNING | matplotlib.font_manager | Matplotlib is building the font cache; this may take a moment.
2026-07-17 19:46:58,767 | INFO | matplotlib.font_manager | Failed to extract font properties from /System/Library/Fonts/Supplemental/NISC18030.ttf: Could not set the fontsize (invalid pixel size; error code 0x17)
2026-07-17 19:46:58,848 | INFO | matplotlib.font_manager | Failed to extract font properties from /System/Library/Fonts/LastResort.otf: tuple indices must be integers or slices, not str
2026-07-17 19:46:58,867 | INFO | matplotlib.font_manager | Failed to extract font properties from /System/Library/PrivateFrameworks/FontServices.framework/Resources/Reserved/PingFangUI.ttc: Can not load face (unknown file format; error code 0x2)
2026-07-17 19:46:58,888 | INFO | matplotlib.font_manager | Failed to extract font properties from /System/Library/Fonts/Apple Color Emoji.ttc: Could not set the fontsize (invalid pixel size; error code 0x17)
2026-07-17 19:46:58,907 | INFO | matplotlib.font_manager | generated new fontManager
2026-07-17 19:47:02,878 | INFO | skin_permeation.huskin | Saved predictions to /Users/tanvir/Desktop/skin/skin-permeation-reproduction-project/results/huskinDB/huskin_predictions.csv
2026-07-17 19:47:02,878 | INFO | skin_permeation.huskin | Saved metrics to /Users/tanvir/Desktop/skin/skin-permeation-reproduction-project/results/huskinDB/huskin_model_metrics.csv
2026-07-17 19:47:02,878 | INFO | skin_permeation.huskin | Saved descriptor audit to /Users/tanvir/Desktop/skin/skin-permeation-reproduction-project/results/huskinDB/huskin_descriptor_audit.csv
2026-07-17 19:47:02,878 | INFO | skin_permeation.huskin | Saved 28 PNG plots to /Users/tanvir/Desktop/skin/skin-permeation-reproduction-project/results/huskinDB/plots
2026-07-17 19:47:02,878 | INFO | skin_permeation.huskin | Completed HuSkinDB inference with 11 model rows.
